Removed Pin From Net: NetName=GND Pin=C175-1
Removed Pin From Net: NetName=GND Pin=C177-1
Removed Pin From Net: NetName=GND Pin=C178-1
Removed Pin From Net: NetName=GND Pin=C232-1
Removed Pin From Net: NetName=VCC3V3_SYS Pin=C232-2
Removed Pin From Net: NetName=VCC1V8_DDR Pin=R90-2
Removed Pin From Net: NetName=GND Pin=R91-2
Removed Pin From Net: NetName=VCC_DDR Pin=R93-1
Removed Pin From Net: NetName=GND Pin=U28-2
Removed Pin From Net: NetName=VCC3V3_SYS Pin=U28-4
Removed Member From Class: ClassName=POWER_FLASH_POWER_MANAGE Member=C175
Removed Member From Class: ClassName=POWER_FLASH_POWER_MANAGE Member=C176
Removed Member From Class: ClassName=POWER_FLASH_POWER_MANAGE Member=C177
Removed Member From Class: ClassName=POWER_FLASH_POWER_MANAGE Member=C178
Removed Member From Class: ClassName=POWER_FLASH_POWER_MANAGE Member=C232
Removed Member From Class: ClassName=POWER_FLASH_POWER_MANAGE Member=R90
Removed Member From Class: ClassName=POWER_FLASH_POWER_MANAGE Member=R91
Removed Member From Class: ClassName=POWER_FLASH_POWER_MANAGE Member=R92
Removed Member From Class: ClassName=POWER_FLASH_POWER_MANAGE Member=R93
Removed Member From Class: ClassName=POWER_FLASH_POWER_MANAGE Member=U28
Removed Member From Class: ClassName=POWER_FLASH_POWER_MANAGE Member=U34
Added Pin To Net: NetName=VCC_DDR Pin=C21-2
Added Pin To Net: NetName=VCC_DDR Pin=C22-2
Added Pin To Net: NetName=VCC_DDR Pin=C23-2
Added Pin To Net: NetName=VCC_DDR Pin=C24-2
Added Pin To Net: NetName=VCC_DDR Pin=C25-2
Added Pin To Net: NetName=VCC_DDR Pin=C26-2
Added Pin To Net: NetName=VCC_DDR Pin=C27-2
Added Pin To Net: NetName=VCC_DDR Pin=C28-2
Added Pin To Net: NetName=VCC_DDR Pin=C29-2
Added Pin To Net: NetName=VCC_DDR Pin=C30-2
Added Pin To Net: NetName=VCC_DDR Pin=C31-2
Added Pin To Net: NetName=VCC_DDR Pin=C32-2
Added Pin To Net: NetName=VCC_DDR Pin=C33-2
Added Pin To Net: NetName=VCC_DDR Pin=C34-2
Added Pin To Net: NetName=VCC_DDR Pin=C35-2
Added Pin To Net: NetName=VCC_DDR Pin=C36-2
Added Pin To Net: NetName=VCC_DDR Pin=C37-2
Added Pin To Net: NetName=VCC_DDR Pin=C38-2
Added Pin To Net: NetName=VCC_DDR Pin=C39-2
Added Pin To Net: NetName=VCC_DDR Pin=C40-2
Added Pin To Net: NetName=VCC_DDR Pin=C41-2
Added Pin To Net: NetName=VCC_DDR Pin=C42-2
Added Pin To Net: NetName=VCC_DDR Pin=C180-2
Added Pin To Net: NetName=VCC_DDR Pin=C181-2
Added Pin To Net: NetName=VCC_DDR Pin=C182-2
Added Pin To Net: NetName=VCC_DDR Pin=C183-2
Added Pin To Net: NetName=VCC_DDR Pin=C184-2
Added Pin To Net: NetName=VCC_DDR Pin=R61-2
Added Pin To Net: NetName=VCC_DDR Pin=R62-2
Added Pin To Net: NetName=VCC_DDR Pin=U1-AA3
Added Pin To Net: NetName=VCC_DDR Pin=U1-AA5
Added Pin To Net: NetName=VCC_DDR Pin=U1-AA8
Added Pin To Net: NetName=VCC_DDR Pin=U1-AA10
Added Pin To Net: NetName=VCC_DDR Pin=U1-B3
Added Pin To Net: NetName=VCC_DDR Pin=U1-B5
Added Pin To Net: NetName=VCC_DDR Pin=U1-B8
Added Pin To Net: NetName=VCC_DDR Pin=U1-B10
Added Pin To Net: NetName=VCC_DDR Pin=U1-D1
Added Pin To Net: NetName=VCC_DDR Pin=U1-D5
Added Pin To Net: NetName=VCC_DDR Pin=U1-D8
Added Pin To Net: NetName=VCC_DDR Pin=U1-D12
Added Pin To Net: NetName=VCC_DDR Pin=U1-F3
Added Pin To Net: NetName=VCC_DDR Pin=U1-F10
Added Pin To Net: NetName=VCC_DDR Pin=U1-U3
Added Pin To Net: NetName=VCC_DDR Pin=U1-U10
Added Pin To Net: NetName=VCC_DDR Pin=U1-W1
Added Pin To Net: NetName=VCC_DDR Pin=U1-W5
Added Pin To Net: NetName=VCC_DDR Pin=U1-W8
Added Pin To Net: NetName=VCC_DDR Pin=U1-W12
Added Pin To Net: NetName=VCC_DDR Pin=U2-1E6
Added Pin To Net: NetName=VCC_DDR Pin=U2-1E7
Added Pin To Net: NetName=VCC_DDR Pin=U2-1E9
Added Pin To Net: NetName=VCC_DDR Pin=U2-1F5
Added Pin To Net: NetName=VCC_DDR Pin=U2-1G5
Add Pin To Net: Unknown Pin: Pin USB2-7
